stdin is not a terminal device. Keyboard handling disabled.[INFO] [1788352098.150036323] [rosbag2_recorder]: Press SPACE for pausing/resuming
[INFO] [1788352098.151055299] [rosbag2_storage]: Opened database '/home/accelerate/xuanqiong_x1_sim_ws/experiments/results/impact_complex_comparison/gate_20260902T122517Z_286/integrity_constrained/rosbag/rosbag_0.db3' for READ_WRITE.
[INFO] [1788352098.153358668] [rosbag2_recorder]: Listening for topics...
[INFO] [1788352098.153380197] [rosbag2_recorder]: Event publisher thread: Starting
[INFO] [1788352098.153457605] [rosbag2_recorder]: Recording...
[INFO] [1788352100.340464333] [rosbag2_recorder]: Subscribed to topic '/tf_static'
[INFO] [1788352101.941205705] [rosbag2_recorder]: Subscribed to topic '/localization/geometry'
[INFO] [1788352101.942360480] [rosbag2_recorder]: Subscribed to topic '/localization/odom'
[INFO] [1788352101.942953325] [rosbag2_recorder]: Subscribed to topic '/tf'
[INFO] [1788352102.986494234] [rosbag2_recorder]: Subscribed to topic '/integrity/directional'
[INFO] [1788352102.987403588] [rosbag2_recorder]: Subscribed to topic '/xq/eval/p12/obstacle_state'
[INFO] [1788352103.190405272] [rosbag2_recorder]: Subscribed to topic '/clock'
[INFO] [1788352103.292579876] [rosbag2_recorder]: Subscribed to topic '/planning/p11/unconstrained_bspline'
[INFO] [1788352103.293665213] [rosbag2_recorder]: Subscribed to topic '/mapping/p12/dynamic_voxels'
[INFO] [1788352103.294270437] [rosbag2_recorder]: Subscribed to topic '/mapping/p12/status'
[INFO] [1788352103.294999653] [rosbag2_recorder]: Subscribed to topic '/integrity/exploration_decision'
[INFO] [1788352103.295699819] [rosbag2_recorder]: Subscribed to topic '/xq/eval/agent_01/ground_truth'
[INFO] [1788352103.296435397] [rosbag2_recorder]: Subscribed to topic '/integrity/exploration_debug'
[INFO] [1788352103.297039215] [rosbag2_recorder]: Subscribed to topic '/planning/p11/selected_bspline'
[INFO] [1788352103.398983189] [rosbag2_recorder]: Subscribed to topic '/integrity/information_map'
[INFO] [1788352103.603087968] [rosbag2_recorder]: Subscribed to topic '/planning/p11/frontier_candidates'
[INFO] [1788352103.604156251] [rosbag2_recorder]: Subscribed to topic '/planning/p11/frontier_candidate_set'
[INFO] [1788352103.605678784] [rosbag2_recorder]: Subscribed to topic '/xq/p11/flight_status'
[INFO] [1788352103.733506962] [rosbag2_recorder]: Subscribed to topic '/xq/p13/flight_status'
[INFO] [1788352103.746847572] [rosbag2_recorder]: Subscribed to topic '/integrity/p13/latency_trace'
[INFO] [1788352103.747897486] [rosbag2_recorder]: Subscribed to topic '/planning/p12/replan_event'
[INFO] [1788352103.749458450] [rosbag2_recorder]: Subscribed to topic '/xq/p12/flight_status'
[INFO] [1788352103.749492084] [rosbag2_recorder]: All requested topics are subscribed. Stopping discovery...
[INFO] [1788352248.591443007] [rosbag2_cpp]: Writing remaining messages from cache to the bag. It may take a while
[INFO] [1788352248.594066561] [rosbag2_compression]: Compressing file: /home/accelerate/xuanqiong_x1_sim_ws/experiments/results/impact_complex_comparison/gate_20260902T122517Z_286/integrity_constrained/rosbag/rosbag_0.db3
[INFO] [1788352248.840342989] [rosbag2_recorder]: Event publisher thread: Exiting
[INFO] [1788352248.840462848] [rosbag2_recorder]: Recording stopped
