stdin is not a terminal device. Keyboard handling disabled.[INFO] [1787919650.965759570] [rosbag2_recorder]: Press SPACE for pausing/resuming
[INFO] [1787919650.967938265] [rosbag2_storage]: Opened database '/home/accelerate/xuanqiong_x1_sim_ws/experiments/results/impact_complex_comparison/gate_20260828T122049Z_319/information_only/rosbag/rosbag_0.db3' for READ_WRITE.
[INFO] [1787919650.980414477] [rosbag2_recorder]: Listening for topics...
[INFO] [1787919650.980428190] [rosbag2_recorder]: Event publisher thread: Starting
[INFO] [1787919650.980648608] [rosbag2_recorder]: Recording...
[INFO] [1787919651.584185550] [rosbag2_recorder]: Subscribed to topic '/tf_static'
[INFO] [1787919653.491399178] [rosbag2_recorder]: Subscribed to topic '/xq/eval/p12/obstacle_state'
[INFO] [1787919654.194901833] [rosbag2_recorder]: Subscribed to topic '/clock'
[INFO] [1787919654.196033243] [rosbag2_recorder]: Subscribed to topic '/livox/imu'
[INFO] [1787919654.196889770] [rosbag2_recorder]: Subscribed to topic '/livox/lidar'
[INFO] [1787919654.298365758] [rosbag2_recorder]: Subscribed to topic '/tf'
[INFO] [1787919654.299071691] [rosbag2_recorder]: Subscribed to topic '/cloud_registered'
[INFO] [1787919654.300082391] [rosbag2_recorder]: Subscribed to topic '/localization/geometry'
[INFO] [1787919654.301398559] [rosbag2_recorder]: Subscribed to topic '/xq/eval/agent_01/ground_truth'
[INFO] [1787919654.301925160] [rosbag2_recorder]: Subscribed to topic '/localization/odom'
[INFO] [1787919654.504653227] [rosbag2_recorder]: Subscribed to topic '/integrity/directional'
[INFO] [1787919654.807581147] [rosbag2_recorder]: Subscribed to topic '/mapping/p12/static_voxels'
[INFO] [1787919654.808633472] [rosbag2_recorder]: Subscribed to topic '/mapping/p12/dynamic_voxels'
[INFO] [1787919654.910427400] [rosbag2_recorder]: Subscribed to topic '/mapping/p12/status'
[INFO] [1787919655.113697341] [rosbag2_recorder]: Subscribed to topic '/integrity/information_map'
[INFO] [1787919655.417885993] [rosbag2_recorder]: Subscribed to topic '/integrity/p13/latency_trace'
[INFO] [1787919655.418704570] [rosbag2_recorder]: Subscribed to topic '/integrity/exploration_debug'
[INFO] [1787919655.419378923] [rosbag2_recorder]: Subscribed to topic '/xq/p13/flight_status'
[INFO] [1787919655.420243371] [rosbag2_recorder]: Subscribed to topic '/integrity/exploration_decision'
[INFO] [1787919655.421108785] [rosbag2_recorder]: Subscribed to topic '/planning/p12/replan_event'
[INFO] [1787919655.424530542] [rosbag2_recorder]: Subscribed to topic '/planning/p11/frontier_candidates'
[INFO] [1787919655.425398697] [rosbag2_recorder]: Subscribed to topic '/planning/p11/unconstrained_bspline'
[INFO] [1787919655.426079990] [rosbag2_recorder]: Subscribed to topic '/planning/p11/selected_bspline'
[INFO] [1787919655.427002246] [rosbag2_recorder]: Subscribed to topic '/xq/p11/flight_status'
[INFO] [1787919655.427910387] [rosbag2_recorder]: Subscribed to topic '/planning/p11/frontier_candidate_set'
[INFO] [1787919655.428686446] [rosbag2_recorder]: Subscribed to topic '/xq/p12/flight_status'
[INFO] [1787919655.428709882] [rosbag2_recorder]: All requested topics are subscribed. Stopping discovery...
[INFO] [1787919795.018883173] [rosbag2_cpp]: Writing remaining messages from cache to the bag. It may take a while
[INFO] [1787919795.020629352] [rosbag2_compression]: Compressing file: /home/accelerate/xuanqiong_x1_sim_ws/experiments/results/impact_complex_comparison/gate_20260828T122049Z_319/information_only/rosbag/rosbag_0.db3
[INFO] [1787919797.879551592] [rosbag2_recorder]: Event publisher thread: Exiting
[INFO] [1787919797.879653633] [rosbag2_recorder]: Recording stopped
